 = Other/Text
Pro gradu = Thesis/Gradu
Väitöskirja = Thesis/Thesis
Diplomityö = Thesis/Masters
Text = Other/Text
Master's thesis = Thesis/Masters
Sound = Sound/SoundRecording
Kuva = Image/Image
lehti = Journal/Journal
Bachelor's thesis = Thesis/Bachelors
ääni = Sound/Other
Doctoral thesis (article-based) = Thesis/Doctoral
Kandityö = Thesis/Bachelors
Väitöskirja (monografia) = Thesis/Thesis
Vierailut = Other/Visit
text = Other/Text
Pro gradu | Master's thesis = Thesis/Masters
Doctoral dissertation (article-based) = Thesis/Doctoral
Doktorsavhandling, Väitöskirja, Doctoral dissertation = Thesis/Doctoral
Seminaariesitys = Other/Presentation
Aikakauslehti = Journal/Journal
Puheita ja lausuntoja = Other/Speech
Sanomalehden liite = Journal/Appendix
CollectionText = Other/Text
Pro gradu thesis = Thesis/Gradu
Doktorsavhandling, Väitöskirja, Doctoral Dissertation = Thesis/Doctoral
D1 Artikkeli ammattilehdessä = Journal/Article
Sarjat = Other/Series
Artikkeli: ammatti- tai tiedejulkaisussa = Journal/Article
Artikkeli: tieteellisessä alkuperäisjulkaisussa = Journal/Article
Eri tiedotusvälineille annettuja haastatteluja = Other/Interview
Doctoral dissertation = Thesis/Doctoral
Elektroninen tuote = Other/Electronic
Konferenssiesitys = Other/Presentation
Doctoral thesis (monograph) = Thesis/Doctoral
Väitösk. = Thesis/Thesis
Muu = Other/Other
Tiedotusvälineille annettuja haastatteluja = Other/Interview
teksti = Other/Text
Väitöskirja (artikkeli) = Thesis/Thesis
Doctoral Dissertation = Thesis/Doctoral
Doctoral dissertation (monograph) = Thesis/Doctoral
Doctoral thesis = Thesis/Doctoral
Kirja: toimitettu = Book/Book
Series = Other/Series
Tutkimusraportti = Other/ResearchReport
Eri tiedotusvälineille myönnettyjä haastatteluja = Other/Interview
Tutkimusjulkaisu = Other/ResearchPublishing
Kirja: tieteellinen erillisteos = Book/Book
Lisensiaatintyö = Thesis/Licentiate
Tutkimusraportti | Research Report = Other/ResearchReport
A1 Alkuperäisartikkeli tieteellisessä aikakauslehdessä (Journal article-refereed, Original research) = Journal/Article
D5 Oppikirja, ammatillinen käsi- tai opaskirja taikka sanakirja = Book/Book
Koulutusmateriaali = Other/TrainingMaterial
Tiedotusvälineille myönnettyjä haastatteluja = Other/Interview
Kartta = Map/Map
Teksti = Other/Text
D4 Julkaistu kehittämis- tai tutkimusraportti taikka -selvitys = Other/Other
Diss. = Thesis/Thesis
E1 Yleistajuinen artikkeli, sanomalehtiartikkeli = Journal/Article
E2 Yleistajuinen monografia = Other/Other
H1 Myönnetty patentti = Other/Other
Research report = Other/ResearchReport
B3 Vertaisarvioimaton artikkeli konferenssijulkaisussa (Unrefereed conference proceedings) = Other/Other
Kirja: oppikirja = Book/Book
Tutkimusraportti | Research report = Other/ResearchReport
Artikkeli konferenssijulkaisussa = Journal/Article
Kirja: työelämälle suunnattu opas = Book/Book
Progradu = Thesis/Gradu
A3 Kirjan tai muun kokoomateoksen osa (Book section, Chapters in research books) = Book/BookSection
A4 Artikkeli konferenssijulkaisussa (Conference proceedings) = Journal/Article
Artikkeli = Journal/Article
D2 Artikkeli ammatillisessa käsi- tai opaskirjassa tai ammatillisessa tietojärjestelmässä, taikka oppikirja-aineisto = Journal/Article
Diplomityö | Master's thesis (3) = Thesis/Masters
F1 Erillisjulkaisu = Other/Other
F3 Ei-taiteellisen julkaisun taiteellinen osa = Other/Other
Pro Gradu = Thesis/Gradu
Artikkeli: muussa lehdessä = Journal/Article
B2 Kirjan tai muun kokoomateoksen osa (Book section) = Book/BookSection
Doctoral dissertation, Doktorsavhandling, Väitöskirja = Thesis/Doctoral
Doktorsavhandling, Doctoral dissertation, Väitöskirja = Thesis/Doctoral
##default = Other/Text