 = Text
Pro gradu = ProGradu
Väitöskirja = Thesis
Diplomityö = Thesis/Masters
Text = Text
Master's thesis = Thesis/Masters
Sound = SoundRecording
Kuva = Image
lehti = Journal
Bachelor's thesis = Thesis/Bachelors
ääni = Sound
Doctoral thesis (article-based) = Thesis/Doctoral
Kandityö = Thesis/Bachelors
Väitöskirja (monografia) = Thesis
Vierailut = Visit
text = Text
Pro gradu | Master's thesis = Thesis/Masters
Doctoral dissertation (article-based) = Thesis/Doctoral
Doktorsavhandling, Väitöskirja, Doctoral dissertation = Thesis/Doctoral
Seminaariesitys = Presentation
Aikakauslehti = Journal
Puheita ja lausuntoja = Speech
Sanomalehden liite = MagazineAppendix
CollectionText = Other
Artikkeli: kokoomateoksessa = Article
Pro gradu thesis = ProGradu
Doktorsavhandling, Väitöskirja, Doctoral Dissertation = Thesis/Doctoral
D1 Artikkeli ammattilehdessä = Article
Sarjat = Series
Artikkeli: ammatti- tai tiedejulkaisussa = Article
Artikkeli: tieteellisessä alkuperäisjulkaisussa = Article
Eri tiedotusvälineille annettuja haastatteluja = Interview
Doctoral dissertation = Thesis/Doctoral
Elektroninen tuote = Electronic
Konferenssiesitys = Presentation
Doctoral thesis (monograph) = Thesis/Doctoral
Väitösk. = Thesis
Muu = Other
Tiedotusvälineille annettuja haastatteluja = Interview
teksti = Text
Väitöskirja (artikkeli) = Thesis
Doctoral Dissertation = Thesis/Doctoral
Doctoral dissertation (monograph) = Thesis/Doctoral
Doctoral thesis = Thesis/Doctoral
Kirja: toimitettu = Book
Series = Series
Tutkimusraportti = ResearchReport
Eri tiedotusvälineille myönnettyjä haastatteluja = Interview
Tutkimusjulkaisu = ResearchPublishing
Kirja: tieteellinen erillisteos = Book
Lisensiaatintyö = Thesis/Licentiate
Tutkimusraportti | Research Report = ResearchReport
A1 Alkuperäisartikkeli tieteellisessä aikakauslehdessä (Journal article-refereed, Original research) = Article
D5 Oppikirja, ammatillinen käsi- tai opaskirja taikka sanakirja = Book
Koulutusmateriaali = TrainingMaterial
Tiedotusvälineille myönnettyjä haastatteluja = Interview
Euroopan turvallisuus- ja yhteistyökonferenssi (ETYK) = Other
Kartta = Map
Teksti = Text
D4 Julkaistu kehittämis- tai tutkimusraportti taikka -selvitys = Other
Suomen ja Neuvostoliiton suhteet = Other
Välirauhansopimus 30 vuotta = Other
Diss. = Thesis
E1 Yleistajuinen artikkeli, sanomalehtiartikkeli = Article
E2 Yleistajuinen monografia = Other
H1 Myönnetty patentti = Other
Research report = ResearchReport
Suomen suhteet Neuvostoliittoon = Other
B3 Vertaisarvioimaton artikkeli konferenssijulkaisussa (Unrefereed conference proceedings) = Other
Kirja: oppikirja = Book
Tutkimusraportti | Research report = ResearchReport
Artikkeli konferenssijulkaisussa = Article
Kirja: työelämälle suunnattu opas = Book
Progradu = ProGradu
Valtiovierailut = Other
A3 Kirjan tai muun kokoomateoksen osa (Book section, Chapters in research books) = BookPart
A4 Artikkeli konferenssijulkaisussa (Conference proceedings) = Article
Artikkeli = Article
Audiovisuaalinen tuote (3) = AudioVisual
D2 Artikkeli ammatillisessa käsi- tai opaskirjassa tai ammatillisessa tietojärjestelmässä, taikka oppikirja-aineisto = Article
Diplomityö | Master's thesis (3) = Thesis/Masters
F1 Erillisjulkaisu = Other
F3 Ei-taiteellisen julkaisun taiteellinen osa = Other
G3 Lisensiaatintyö = Other 
MS. = Other
Pro Gradu = ProGradu
Tasavallan Presidentin 75-vuotispäivä 3.9.1975 = Other
Artikkeli: muussa lehdessä = Article
B2 Kirjan tai muun kokoomateoksen osa (Book section) = BookPart
Doctoral dissertation, Doktorsavhandling, Väitöskirja = Thesis/Doctoral
Doktorsavhandling, Doctoral dissertation, Väitöskirja = Thesis/Doctoral
##default = Text